Archive member included to satisfy reference by file (symbol)

/home/geo/ESlab/software_package/gcc-arm-none-eabi/bin/../lib/gcc/arm-none-eabi/5.4.1/../../../../arm-none-eabi/lib/armv6-m/libc_nano.a(lib_a-exit.o)
                              /home/geo/ESlab/software_package/gcc-arm-none-eabi/bin/../lib/gcc/arm-none-eabi/5.4.1/../../../../arm-none-eabi/lib/armv6-m/crt0.o (exit)
/home/geo/ESlab/software_package/gcc-arm-none-eabi/bin/../lib/gcc/arm-none-eabi/5.4.1/../../../../arm-none-eabi/lib/armv6-m/libc_nano.a(lib_a-impure.o)
                              /home/geo/ESlab/software_package/gcc-arm-none-eabi/bin/../lib/gcc/arm-none-eabi/5.4.1/../../../../arm-none-eabi/lib/armv6-m/libc_nano.a(lib_a-exit.o) (_global_impure_ptr)
/home/geo/ESlab/software_package/gcc-arm-none-eabi/bin/../lib/gcc/arm-none-eabi/5.4.1/../../../../arm-none-eabi/lib/armv6-m/libc_nano.a(lib_a-init.o)
                              /home/geo/ESlab/software_package/gcc-arm-none-eabi/bin/../lib/gcc/arm-none-eabi/5.4.1/../../../../arm-none-eabi/lib/armv6-m/crt0.o (__libc_init_array)
/home/geo/ESlab/software_package/gcc-arm-none-eabi/bin/../lib/gcc/arm-none-eabi/5.4.1/../../../../arm-none-eabi/lib/armv6-m/libc_nano.a(lib_a-memset.o)
                              /home/geo/ESlab/software_package/gcc-arm-none-eabi/bin/../lib/gcc/arm-none-eabi/5.4.1/../../../../arm-none-eabi/lib/armv6-m/crt0.o (memset)
/home/geo/ESlab/software_package/gcc-arm-none-eabi/bin/../lib/gcc/arm-none-eabi/5.4.1/../../../../arm-none-eabi/lib/armv6-m/libnosys.a(_exit.o)
                              /home/geo/ESlab/software_package/gcc-arm-none-eabi/bin/../lib/gcc/arm-none-eabi/5.4.1/../../../../arm-none-eabi/lib/armv6-m/libc_nano.a(lib_a-exit.o) (_exit)
/home/geo/ESlab/software_package/gcc-arm-none-eabi/bin/../lib/gcc/arm-none-eabi/5.4.1/../../../../arm-none-eabi/lib/armv6-m/libm.a(lib_a-s_fabs.o)
                              _build/inv_mpu.o (fabs)
/home/geo/ESlab/software_package/gcc-arm-none-eabi/bin/../lib/gcc/arm-none-eabi/5.4.1/../../../../arm-none-eabi/lib/armv6-m/libm.a(lib_a-w_asin.o)
                              _build/mpu_wrapper.o (asin)
/home/geo/ESlab/software_package/gcc-arm-none-eabi/bin/../lib/gcc/arm-none-eabi/5.4.1/../../../../arm-none-eabi/lib/armv6-m/libm.a(lib_a-w_atan2.o)
                              _build/mpu_wrapper.o (atan2)
/home/geo/ESlab/software_package/gcc-arm-none-eabi/bin/../lib/gcc/arm-none-eabi/5.4.1/../../../../arm-none-eabi/lib/armv6-m/libm.a(lib_a-e_asin.o)
                              /home/geo/ESlab/software_package/gcc-arm-none-eabi/bin/../lib/gcc/arm-none-eabi/5.4.1/../../../../arm-none-eabi/lib/armv6-m/libm.a(lib_a-w_asin.o) (__ieee754_asin)
/home/geo/ESlab/software_package/gcc-arm-none-eabi/bin/../lib/gcc/arm-none-eabi/5.4.1/../../../../arm-none-eabi/lib/armv6-m/libm.a(lib_a-e_atan2.o)
                              /home/geo/ESlab/software_package/gcc-arm-none-eabi/bin/../lib/gcc/arm-none-eabi/5.4.1/../../../../arm-none-eabi/lib/armv6-m/libm.a(lib_a-w_atan2.o) (__ieee754_atan2)
/home/geo/ESlab/software_package/gcc-arm-none-eabi/bin/../lib/gcc/arm-none-eabi/5.4.1/../../../../arm-none-eabi/lib/armv6-m/libm.a(lib_a-e_sqrt.o)
                              /home/geo/ESlab/software_package/gcc-arm-none-eabi/bin/../lib/gcc/arm-none-eabi/5.4.1/../../../../arm-none-eabi/lib/armv6-m/libm.a(lib_a-e_asin.o) (__ieee754_sqrt)
/home/geo/ESlab/software_package/gcc-arm-none-eabi/bin/../lib/gcc/arm-none-eabi/5.4.1/../../../../arm-none-eabi/lib/armv6-m/libm.a(lib_a-s_atan.o)
                              /home/geo/ESlab/software_package/gcc-arm-none-eabi/bin/../lib/gcc/arm-none-eabi/5.4.1/../../../../arm-none-eabi/lib/armv6-m/libm.a(lib_a-e_atan2.o) (atan)
/home/geo/ESlab/software_package/gcc-arm-none-eabi/bin/../lib/gcc/arm-none-eabi/5.4.1/../../../../arm-none-eabi/lib/armv6-m/libm.a(lib_a-s_lib_ver.o)
                              /home/geo/ESlab/software_package/gcc-arm-none-eabi/bin/../lib/gcc/arm-none-eabi/5.4.1/../../../../arm-none-eabi/lib/armv6-m/libm.a(lib_a-w_asin.o) (__fdlib_version)
/home/geo/ESlab/software_package/gcc-arm-none-eabi/bin/../lib/gcc/arm-none-eabi/5.4.1/../../../../arm-none-eabi/lib/armv6-m/libm.a(lib_a-s_matherr.o)
                              /home/geo/ESlab/software_package/gcc-arm-none-eabi/bin/../lib/gcc/arm-none-eabi/5.4.1/../../../../arm-none-eabi/lib/armv6-m/libm.a(lib_a-w_asin.o) (matherr)
/home/geo/ESlab/software_package/gcc-arm-none-eabi/bin/../lib/gcc/arm-none-eabi/5.4.1/../../../../arm-none-eabi/lib/armv6-m/libm.a(lib_a-s_nan.o)
                              /home/geo/ESlab/software_package/gcc-arm-none-eabi/bin/../lib/gcc/arm-none-eabi/5.4.1/../../../../arm-none-eabi/lib/armv6-m/libm.a(lib_a-w_asin.o) (nan)
/home/geo/ESlab/software_package/gcc-arm-none-eabi/bin/../lib/gcc/arm-none-eabi/5.4.1/armv6-m/libgcc.a(_udivsi3.o)
                              _build/inv_mpu.o (__aeabi_uidiv)
/home/geo/ESlab/software_package/gcc-arm-none-eabi/bin/../lib/gcc/arm-none-eabi/5.4.1/armv6-m/libgcc.a(_divsi3.o)
[...]
Memory Configuration

Name             Origin             Length             Attributes
FLASH            0x00018000         0x00028000         xr
RAM              0x20002000         0x00002000         xrw
*default*        0x00000000         0xffffffff

Linker script and memory map

LOAD /home/geo/ESlab/software_package/gcc-arm-none-eabi/bin/../lib/gcc/arm-none-eabi/5.4.1/armv6-m/crti.o
LOAD /home/geo/ESlab/software_package/gcc-arm-none-eabi/bin/../lib/gcc/arm-none-eabi/5.4.1/armv6-m/crtbegin.o
LOAD /home/geo/ESlab/software_package/gcc-arm-none-eabi/bin/../lib/gcc/arm-none-eabi/5.4.1/../../../../arm-none-eabi/lib/armv6-m/crt0.o
LOAD /home/geo/ESlab/software_package/gcc-arm-none-eabi/bin/../lib/gcc/arm-none-eabi/5.4.1/../../../../arm-none-eabi/lib/armv6-m/libc_nano.a
LOAD /home/geo/ESlab/software_package/gcc-arm-none-eabi/bin/../lib/gcc/arm-none-eabi/5.4.1/../../../../arm-none-eabi/lib/armv6-m/libnosys.a
LOAD /home/geo/ESlab/software_package/gcc-arm-none-eabi/bin/../lib/gcc/arm-none-eabi/5.4.1/../../../../arm-none-eabi/lib/armv6-m/libm.a
LOAD _build/system_nrf51.o
LOAD _build/nrf_delay.o
LOAD _build/in4073.o
LOAD _build/control.o
LOAD _build/crc16.o
LOAD _build/packet.o
LOAD _build/gpio.o
LOAD _build/timers.o
LOAD _build/uart.o
LOAD _build/queue.o
LOAD _build/twi.o
LOAD _build/adc.o
LOAD _build/baro.o
LOAD _build/ble.o
LOAD _build/spi_flash.o
LOAD _build/inv_mpu.o
LOAD _build/inv_mpu_dmp_motion_driver.o
LOAD _build/ml.o
LOAD _build/mpu_wrapper.o
LOAD _build/app_error.o
LOAD _build/app_timer.o
LOAD _build/nrf_assert.o
LOAD _build/nrf_drv_common.o
LOAD _build/pstorage.o
LOAD _build/ble_advdata.o
LOAD _build/ble_advertising.o
LOAD _build/ble_conn_params.o
LOAD _build/ble_nus.o
LOAD _build/ble_srv_common.o
LOAD _build/softdevice_handler.o
LOAD _build/gcc_startup_nrf51.o
LOAD /home/geo/ESlab/software_package/gcc-arm-none-eabi/bin/../lib/gcc/arm-none-eabi/5.4.1/../../../../arm-none-eabi/lib/armv6-m/libm.a
START GROUP
LOAD /home/geo/ESlab/software_package/gcc-arm-none-eabi/bin/../lib/gcc/arm-none-eabi/5.4.1/armv6-m/libgcc.a
LOAD /home/geo/ESlab/software_package/gcc-arm-none-eabi/bin/../lib/gcc/arm-none-eabi/5.4.1/../../../../arm-none-eabi/lib/armv6-m/libc_nano.a
END GROUP
START GROUP
LOAD /home/geo/ESlab/software_package/gcc-arm-none-eabi/bin/../lib/gcc/arm-none-eabi/5.4.1/armv6-m/libgcc.a
LOAD /home/geo/ESlab/software_package/gcc-arm-none-eabi/bin/../lib/gcc/arm-none-eabi/5.4.1/../../../../arm-none-eabi/lib/armv6-m/libc_nano.a
END GROUP
LOAD /home/geo/ESlab/software_package/gcc-arm-none-eabi/bin/../lib/gcc/arm-none-eabi/5.4.1/armv6-m/crtend.o
LOAD /home/geo/ESlab/software_package/gcc-arm-none-eabi/bin/../lib/gcc/arm-none-eabi/5.4.1/armv6-m/crtn.o
START GROUP
LOAD /home/geo/ESlab/software_package/gcc-arm-none-eabi/bin/../lib/gcc/arm-none-eabi/5.4.1/armv6-m/libgcc.a
LOAD /home/geo/ESlab/software_package/gcc-arm-none-eabi/bin/../lib/gcc/arm-none-eabi/5.4.1/../../../../arm-none-eabi/lib/armv6-m/libc.a
LOAD /home/geo/ESlab/software_package/gcc-arm-none-eabi/bin/../lib/gcc/arm-none-eabi/5.4.1/../../../../arm-none-eabi/lib/armv6-m/libnosys.a
END GROUP

.fs_data_out    0x00000000        0x0
                [!provide]                PROVIDE (__start_fs_data, .)
 *(fs_data)
                [!provide]                PROVIDE (__stop_fs_data, .)

.text           0x00018000     0x5e00
 *(.Vectors)
 .Vectors       0x00018000       0xc0 _build/gcc_startup_nrf51.o
                0x00018000                __Vectors
 *(.text*)
 .text          0x000180c0       0x60 /home/geo/ESlab/software_package/gcc-arm-none-eabi/bin/../lib/gcc/arm-none-eabi/5.4.1/armv6-m/crtbegin.o
 .text          0x00018120       0x78 /home/geo/ESlab/software_package/gcc-arm-none-eabi/bin/../lib/gcc/arm-none-eabi/5.4.1/../../../../arm-none-eabi/lib/armv6-m/crt0.o
                0x00018120                _mainCRTStartup
                0x00018120                _start
 .text.exit     0x00018198       0x2c /home/geo/ESlab/software_package/gcc-arm-none-eabi/bin/../lib/gcc/arm-none-eabi/5.4.1/../../../../arm-none-eabi/lib/armv6-m/libc_nano.a(lib_a-exit.o)
                0x00018198                exit
 .text.__libc_init_array
                0x000181c4       0x4c /home/geo/ESlab/software_package/gcc-arm-none-eabi/bin/../lib/gcc/arm-none-eabi/5.4.1/../../../../arm-none-eabi/lib/armv6-m/libc_nano.a(lib_a-init.o)
                0x000181c4                __libc_init_array
 .text.memset   0x00018210       0x10 /home/geo/ESlab/software_package/gcc-arm-none-eabi/bin/../lib/gcc/arm-none-eabi/5.4.1/../../../../arm-none-eabi/lib/armv6-m/libc_nano.a(lib_a-memset.o)
                0x00018210                memset
 .text._exit    0x00018220        0x4 /home/geo/ESlab/software_package/gcc-arm-none-eabi/bin/../lib/gcc/arm-none-eabi/5.4.1/../../../../arm-none-eabi/lib/armv6-m/libnosys.a(_exit.o)
                0x00018220                _exit
 .text.SystemInit
                0x00018224       0x94 _build/system_nrf51.o
                0x00018224                SystemInit
 .text.nrf_delay_ms
                0x000182b8       0x3c _build/nrf_delay.o
                0x000182b8                nrf_delay_ms
 .text.stateHandler
                0x000182f4      0x2d4 _build/in4073.o
                0x000182f4                stateHandler
 .text.startup.main
                0x000185c8       0xc4 _build/in4073.o
                0x000185c8                main
 .text.crc16_compute
                0x0001868c       0x44 _build/crc16.o
                0x0001868c                crc16_compute
 .text.Create_Packet
                0x000186d0       0x6c _build/packet.o
                0x000186d0                Create_Packet
 .text.Destroy_Packet
                0x0001873c       0x18 _build/packet.o
                0x0001873c                Destroy_Packet
 .text.Get_Byte_Stream
                0x00018754       0x48 _build/packet.o
                0x00018754                Get_Byte_Stream
 .text.gpio_init
                0x0001879c       0x8c _build/gpio.o
                0x0001879c                gpio_init
 .text.quadrupel_timer_handler
                0x00018828        0xc _build/timers.o
                0x00018828                quadrupel_timer_handler
 .text.TIMER2_IRQHandler
                0x00018834       0xb8 _build/timers.o
                0x00018834                TIMER2_IRQHandler
 .text.TIMER1_IRQHandler
                0x000188ec       0xac _build/timers.o
                0x000188ec                TIMER1_IRQHandler
 .text.get_time_us
                0x00018998       0x20 _build/timers.o
                0x00018998                get_time_us
 .text.timers_init
                0x000189b8      0x1d4 _build/timers.o
                0x000189b8                timers_init
 .text._write   0x00018b8c       0x84 _build/uart.o
                0x00018b8c                _write
 .text.UART0_IRQHandler
                0x00018c10       0x84 _build/uart.o
                0x00018c10                UART0_IRQHandler
 .text.uart_init
                0x00018c94       0xa0 _build/uart.o
                0x00018c94                uart_init
 .text.init_queue
                0x00018d34       0x14 _build/queue.o
                0x00018d34                init_queue
 .text.enqueue  0x00018d48       0x1c _build/queue.o
                0x00018d48                enqueue
 .text.dequeue  0x00018d64       0x20 _build/queue.o
                0x00018d64                dequeue
 .text.i2c_read
                0x00018d84       0xc0 _build/twi.o
                0x00018d84                i2c_read
 .text.i2c_write
                0x00018e44       0x70 _build/twi.o
                0x00018e44                i2c_write
 .text.SPI0_TWI0_IRQHandler
                0x00018eb4       0x70 _build/twi.o
                0x00018eb4                SPI0_TWI0_IRQHandler
 .text.twi_init
                0x00018f24       0x84 _build/twi.o
                0x00018f24                twi_init
 .text.ADC_IRQHandler
                0x00018fa8       0x24 _build/adc.o
                0x00018fa8                ADC_IRQHandler
 .text.adc_init
                0x00018fcc       0x3c _build/adc.o
                0x00018fcc                adc_init
 .text.baro_init
                0x00019008       0x34 _build/baro.o
                0x00019008                baro_init
 .text.SWI1_IRQHandler
                0x0001903c       0x10 _build/ble.o
                0x0001903c                SWI1_IRQHandler
 .text.spi_flash_init
                0x0001904c      0x230 _build/spi_flash.o
                0x0001904c                spi_flash_init
 .text.mpu_reset_fifo
                0x0001927c      0x15c _build/inv_mpu.o
                0x0001927c                mpu_reset_fifo
 .text.mpu_lp_accel_mode
                0x000193d8      0x1b8 _build/inv_mpu.o
                0x000193d8                mpu_lp_accel_mode
 .text.mpu_get_accel_fsr
                0x00019590       0x4c _build/inv_mpu.o
                0x00019590                mpu_get_accel_fsr
 .text.mpu_set_lpf
                0x000195dc       0x78 _build/inv_mpu.o
                0x000195dc                mpu_set_lpf
 .text.mpu_set_sample_rate
                0x00019654      0x168 _build/inv_mpu.o
                0x00019654                mpu_set_sample_rate
 .text.mpu_configure_fifo
                0x000197bc       0xd0 _build/inv_mpu.o
                0x000197bc                mpu_configure_fifo
 .text.mpu_set_sensors
                0x0001988c      0x140 _build/inv_mpu.o
                0x0001988c                mpu_set_sensors
 .text.mpu_init
                0x000199cc      0x1f4 _build/inv_mpu.o
                0x000199cc                mpu_init
 .text.mpu_set_int_level
                0x00019bc0       0x10 _build/inv_mpu.o
                0x00019bc0                mpu_set_int_level
 .text.mpu_set_int_latched
                0x00019bd0       0x68 _build/inv_mpu.o
                0x00019bd0                mpu_set_int_latched
 .text.mpu_write_mem
                0x00019c38       0x58 _build/inv_mpu.o
                0x00019c38                mpu_write_mem
 .text.mpu_load_firmware
                0x00019c90      0x15c _build/inv_mpu.o
                0x00019c90                mpu_load_firmware
 .text.mpu_set_dmp_state
                0x00019dec      0x174 _build/inv_mpu.o
                0x00019dec                mpu_set_dmp_state
 .text.dmp_load_motion_driver_firmware
                0x00019f60       0x1c _build/inv_mpu_dmp_motion_driver.o
                0x00019f60                dmp_load_motion_driver_firmware
 .text.dmp_set_orientation
                0x00019f7c      0x118 _build/inv_mpu_dmp_motion_driver.o
                0x00019f7c                dmp_set_orientation
 .text.dmp_set_fifo_rate
                0x0001a094       0x64 _build/inv_mpu_dmp_motion_driver.o
                0x0001a094                dmp_set_fifo_rate
 .text.dmp_set_tap_thresh
                0x0001a0f8      0x164 _build/inv_mpu_dmp_motion_driver.o
                0x0001a0f8                dmp_set_tap_thresh
 .text.dmp_enable_feature
                0x0001a25c      0x28c _build/inv_mpu_dmp_motion_driver.o
                0x0001a25c                dmp_enable_feature
 .text.inv_orientation_matrix_to_scalar
                0x0001a4e8      0x11c _build/ml.o
                0x0001a4e8                inv_orientation_matrix_to_scalar
 .text.imu_init
                0x0001a604      0x10c _build/mpu_wrapper.o
                0x0001a604                imu_init
 .text.app_error_handler
                0x0001a710       0x40 _build/app_error.o
                0x0001a710                app_error_handler
 .text.rtc1_stop
                0x0001a750       0x78 _build/app_timer.o
 .text.RTC1_IRQHandler
                0x0001a7c8       0xe0 _build/app_timer.o
                0x0001a7c8                RTC1_IRQHandler
 .text.SWI0_IRQHandler
                0x0001a8a8      0x4cc _build/app_timer.o
                0x0001a8a8                SWI0_IRQHandler
 .text.app_timer_init
                0x0001ad74       0xe4 _build/app_timer.o
                0x0001ad74                app_timer_init
 .text.app_timer_create
                0x0001ae58       0x34 _build/app_timer.o
                0x0001ae58                app_timer_create
 .text.app_timer_start
                0x0001ae8c       0xec _build/app_timer.o
                0x0001ae8c                app_timer_start
 .text.sd_evt_get
                0x0001af78        0x4 _build/softdevice_handler.o
 .text.sd_ble_evt_get
                0x0001af7c        0x4 _build/softdevice_handler.o
 .text.intern_softdevice_events_execute.part.0
                0x0001af80       0xec _build/softdevice_handler.o
 .text.SWI2_IRQHandler
                0x0001b06c       0x34 _build/softdevice_handler.o
                0x0001b06c                SWI2_IRQHandler
 .text          0x0001b0a0       0x54 _build/gcc_startup_nrf51.o
                0x0001b0a0                Reset_Handler
                0x0001b0e8                NMI_Handler
                0x0001b0ea                HardFault_Handler
                0x0001b0ec                SVC_Handler
                0x0001b0ee                PendSV_Handler
                0x0001b0f0                SysTick_Handler
                0x0001b0f2                RTC0_IRQHandler
                0x0001b0f2                GPIOTE_IRQHandler
                0x0001b0f2                POWER_CLOCK_IRQHandler
                0x0001b0f2                RADIO_IRQHandler
                0x0001b0f2                LPCOMP_IRQHandler
                0x0001b0f2                SWI4_IRQHandler
                0x0001b0f2                TEMP_IRQHandler
                0x0001b0f2                QDEC_IRQHandler
                0x0001b0f2                SWI5_IRQHandler
                0x0001b0f2                TIMER0_IRQHandler
                0x0001b0f2                ECB_IRQHandler
                0x0001b0f2                Default_Handler
                0x0001b0f2                SWI3_IRQHandler
                0x0001b0f2                CCM_AAR_IRQHandler
                0x0001b0f2                WDT_IRQHandler
                0x0001b0f2                RNG_IRQHandler
                0x0001b0f2                SPI1_TWI1_IRQHandler
 .text          0x0001b0f4      0x114 /home/geo/ESlab/software_package/gcc-arm-none-eabi/bin/../lib/gcc/arm-none-eabi/5.4.1/armv6-m/libgcc.a(_udivsi3.o)
                0x0001b0f4                __udivsi3
                0x0001b0f4                __aeabi_uidiv
                0x0001b200                __aeabi_uidivmod
 .text          0x0001b208      0x1d4 /home/geo/ESlab/software_package/gcc-arm-none-eabi/bin/../lib/gcc/arm-none-eabi/5.4.1/armv6-m/libgcc.a(_divsi3.o)
                0x0001b208                __aeabi_idiv
                0x0001b208                __divsi3
                0x0001b3d4                __aeabi_idivmod
 .text          0x0001b3dc        0x4 /home/geo/ESlab/software_package/gcc-arm-none-eabi/bin/../lib/gcc/arm-none-eabi/5.4.1/armv6-m/libgcc.a(_dvmd_tls.o)
                0x0001b3dc                __aeabi_ldiv0
                0x0001b3dc                __aeabi_idiv0
 .text          0x0001b3e0       0x74 /home/geo/ESlab/software_package/gcc-arm-none-eabi/bin/../lib/gcc/arm-none-eabi/5.4.1/armv6-m/libgcc.a(_arm_cmpsf2.o)
                0x0001b3e0                __aeabi_cfrcmple
                0x0001b3e8                __aeabi_cfcmple
                0x0001b3e8                __aeabi_cfcmpeq
                0x0001b3f8                __aeabi_fcmpeq
                0x0001b404                __aeabi_fcmplt
                0x0001b418                __aeabi_fcmple
                0x0001b42c                __aeabi_fcmpgt
                0x0001b440                __aeabi_fcmpge
 .text          0x0001b454       0x30 /home/geo/ESlab/software_package/gcc-arm-none-eabi/bin/../lib/gcc/arm-none-eabi/5.4.1/armv6-m/libgcc.a(_fixunssfsi.o)
                0x0001b454                __aeabi_f2uiz
                0x0001b454                __fixunssfsi
 .text          0x0001b484      0x234 /home/geo/ESlab/software_package/gcc-arm-none-eabi/bin/../lib/gcc/arm-none-eabi/5.4.1/armv6-m/libgcc.a(divsf3.o)
                0x0001b484                __aeabi_fdiv
 .text          0x0001b6b8       0x50 /home/geo/ESlab/software_package/gcc-arm-none-eabi/bin/../lib/gcc/arm-none-eabi/5.4.1/armv6-m/libgcc.a(eqsf2.o)
                0x0001b6b8                __nesf2
                0x0001b6b8                __eqsf2
 .text          0x0001b708       0x88 /home/geo/ESlab/software_package/gcc-arm-none-eabi/bin/../lib/gcc/arm-none-eabi/5.4.1/armv6-m/libgcc.a(gesf2.o)
                0x0001b708                __gtsf2
                0x0001b708                __gesf2
 .text          0x0001b790       0x88 /home/geo/ESlab/software_package/gcc-arm-none-eabi/bin/../lib/gcc/arm-none-eabi/5.4.1/armv6-m/libgcc.a(lesf2.o)
                0x0001b790                __lesf2
                0x0001b790                __ltsf2
 .text          0x0001b818      0x228 /home/geo/ESlab/software_package/gcc-arm-none-eabi/bin/../lib/gcc/arm-none-eabi/5.4.1/armv6-m/libgcc.a(mulsf3.o)
                0x0001b818                __aeabi_fmul
 .text          0x0001ba40      0x30c /home/geo/ESlab/software_package/gcc-arm-none-eabi/bin/../lib/gcc/arm-none-eabi/5.4.1/armv6-m/libgcc.a(subsf3.o)
                0x0001ba40                __aeabi_fsub
 .text          0x0001bd4c       0x44 /home/geo/ESlab/software_package/gcc-arm-none-eabi/bin/../lib/gcc/arm-none-eabi/5.4.1/armv6-m/libgcc.a(fixsfsi.o)
                0x0001bd4c                __aeabi_f2iz
 .text          0x0001bd90       0x7c /home/geo/ESlab/software_package/gcc-arm-none-eabi/bin/../lib/gcc/arm-none-eabi/5.4.1/armv6-m/libgcc.a(floatunsisf.o)
                0x0001bd90                __aeabi_ui2f
 .text          0x0001be0c       0x3c /home/geo/ESlab/software_package/gcc-arm-none-eabi/bin/../lib/gcc/arm-none-eabi/5.4.1/armv6-m/libgcc.a(_clzsi2.o)
                0x0001be0c                __clzsi2
 .text.malloc   0x0001be48       0x14 /home/geo/ESlab/software_package/gcc-arm-none-eabi/bin/../lib/gcc/arm-none-eabi/5.4.1/../../../../arm-none-eabi/lib/armv6-m/libc_nano.a(lib_a-malloc.o)
                0x0001be48                malloc
 .text.free     0x0001be5c       0x14 /home/geo/ESlab/software_package/gcc-arm-none-eabi/bin/../lib/gcc/arm-none-eabi/5.4.1/../../../../arm-none-eabi/lib/armv6-m/libc_nano.a(lib_a-malloc.o)
                0x0001be5c                free
 .text.memcmp   0x0001be70       0x1e /home/geo/ESlab/software_package/gcc-arm-none-eabi/bin/../lib/gcc/arm-none-eabi/5.4.1/../../../../arm-none-eabi/lib/armv6-m/libc_nano.a(lib_a-memcmp.o)
                0x0001be70                memcmp
 .text.memcpy   0x0001be8e       0x12 /home/geo/ESlab/software_package/gcc-arm-none-eabi/bin/../lib/gcc/arm-none-eabi/5.4.1/../../../../arm-none-eabi/lib/armv6-m/libc_nano.a(lib_a-memcpy-stub.o)
                0x0001be8e                memcpy
 .text._free_r  0x0001bea0       0x98 /home/geo/ESlab/software_package/gcc-arm-none-eabi/bin/../lib/gcc/arm-none-eabi/5.4.1/../../../../arm-none-eabi/lib/armv6-m/libc_nano.a(lib_a-nano-freer.o)
                0x0001bea0                _free_r
 .text._malloc_r
                0x0001bf38       0xc0 /home/geo/ESlab/software_package/gcc-arm-none-eabi/bin/../lib/gcc/arm-none-eabi/5.4.1/../../../../arm-none-eabi/lib/armv6-m/libc_nano.a(lib_a-nano-mallocr.o)
                0x0001bf38                _malloc_r
 .text.printf   0x0001bff8       0x34 /home/geo/ESlab/software_package/gcc-arm-none-eabi/bin/../lib/gcc/arm-none-eabi/5.4.1/../../../../arm-none-eabi/lib/armv6-m/libc_nano.a(lib_a-printf.o)
                0x0001bff8                printf
                0x0001bff8                iprintf
 .text._sbrk_r  0x0001c02c       0x24 /home/geo/ESlab/software_package/gcc-arm-none-eabi/bin/../lib/gcc/arm-none-eabi/5.4.1/../../../../arm-none-eabi/lib/armv6-m/libc_nano.a(lib_a-sbrkr.o)
                0x0001c02c                _sbrk_r
 .text._cleanup_r
                0x0001c050       0x10 /home/geo/ESlab/software_package/gcc-arm-none-eabi/bin/../lib/gcc/arm-none-eabi/5.4.1/../../../../arm-none-eabi/lib/armv6-m/libc_nano.a(lib_a-findfp.o)
                0x0001c050                _cleanup_r
 .text.std.isra.0
                0x0001c060       0x48 /home/geo/ESlab/software_package/gcc-arm-none-eabi/bin/../lib/gcc/arm-none-eabi/5.4.1/../../../../arm-none-eabi/lib/armv6-m/libc_nano.a(lib_a-findfp.o)
 .text.__sfmoreglue
                0x0001c0a8       0x2c /home/geo/ESlab/software_package/gcc-arm-none-eabi/bin/../lib/gcc/arm-none-eabi/5.4.1/../../../../arm-none-eabi/lib/armv6-m/libc_nano.a(lib_a-findfp.o)
                0x0001c0a8                __sfmoreglue
 .text.__sinit  0x0001c0d4       0x68 /home/geo/ESlab/software_package/gcc-arm-none-eabi/bin/../lib/gcc/arm-none-eabi/5.4.1/../../../../arm-none-eabi/lib/armv6-m/libc_nano.a(lib_a-findfp.o)
                0x0001c0d4                __sinit
 .text.__sfp    0x0001c13c       0x7c /home/geo/ESlab/software_package/gcc-arm-none-eabi/bin/../lib/gcc/arm-none-eabi/5.4.1/../../../../arm-none-eabi/lib/armv6-m/libc_nano.a(lib_a-findfp.o)
                0x0001c13c                __sfp
 .text._fwalk_reent
                0x0001c1b8       0x42 /home/geo/ESlab/software_package/gcc-arm-none-eabi/bin/../lib/gcc/arm-none-eabi/5.4.1/../../../../arm-none-eabi/lib/armv6-m/libc_nano.a(lib_a-fwalk.o)
                0x0001c1b8                _fwalk_reent
 .text.__malloc_lock
                0x0001c1fa        0x2 /home/geo/ESlab/software_package/gcc-arm-none-eabi/bin/../lib/gcc/arm-none-eabi/5.4.1/../../../../arm-none-eabi/lib/armv6-m/libc_nano.a(lib_a-mlock.o)
                0x0001c1fa                __malloc_lock
 .text.__malloc_unlock
                0x0001c1fc        0x2 /home/geo/ESlab/software_package/gcc-arm-none-eabi/bin/../lib/gcc/arm-none-eabi/5.4.1/../../../../arm-none-eabi/lib/armv6-m/libc_nano.a(lib_a-mlock.o)
                0x0001c1fc                __malloc_unlock
 .text.__sfputc_r
                0x0001c1fe       0x2a /home/geo/ESlab/software_package/gcc-arm-none-eabi/bin/../lib/gcc/arm-none-eabi/5.4.1/../../../../arm-none-eabi/lib/armv6-m/libc_nano.a(lib_a-nano-vfprintf.o)
 .text.__sfputs_r
                0x0001c228       0x24 /home/geo/ESlab/software_package/gcc-arm-none-eabi/bin/../lib/gcc/arm-none-eabi/5.4.1/../../../../arm-none-eabi/lib/armv6-m/libc_nano.a(lib_a-nano-vfprintf.o)
                0x0001c228                __sfputs_r
 .text._vfprintf_r
                0x0001c24c      0x238 /home/geo/ESlab/software_package/gcc-arm-none-eabi/bin/../lib/gcc/arm-none-eabi/5.4.1/../../../../arm-none-eabi/lib/armv6-m/libc_nano.a(lib_a-nano-vfprintf.o)
                0x0001c24c                _vfiprintf_r
                0x0001c24c                _vfprintf_r
 .text._printf_common
                0x0001c484       0xdc /home/geo/ESlab/software_package/gcc-arm-none-eabi/bin/../lib/gcc/arm-none-eabi/5.4.1/../../../../arm-none-eabi/lib/armv6-m/libc_nano.a(lib_a-nano-vfprintf_i.o)
                0x0001c484                _printf_common
 .text._printf_i
                0x0001c560      0x244 /home/geo/ESlab/software_package/gcc-arm-none-eabi/bin/../lib/gcc/arm-none-eabi/5.4.1/../../../../arm-none-eabi/lib/armv6-m/libc_nano.a(lib_a-nano-vfprintf_i.o)
                0x0001c560                _printf_i
 .text.__sread  0x0001c7a4       0x28 /home/geo/ESlab/software_package/gcc-arm-none-eabi/bin/../lib/gcc/arm-none-eabi/5.4.1/../../../../arm-none-eabi/lib/armv6-m/libc_nano.a(lib_a-stdio.o)
                0x0001c7a4                __sread
 .text.__swrite
                0x0001c7cc       0x38 /home/geo/ESlab/software_package/gcc-arm-none-eabi/bin/../lib/gcc/arm-none-eabi/5.4.1/../../../../arm-none-eabi/lib/armv6-m/libc_nano.a(lib_a-stdio.o)
                0x0001c7cc                __swrite
 .text.__sseek  0x0001c804       0x2c /home/geo/ESlab/software_package/gcc-arm-none-eabi/bin/../lib/gcc/arm-none-eabi/5.4.1/../../../../arm-none-eabi/lib/armv6-m/libc_nano.a(lib_a-stdio.o)
                0x0001c804                __sseek
 .text.__sclose
                0x0001c830        0xc /home/geo/ESlab/software_package/gcc-arm-none-eabi/bin/../lib/gcc/arm-none-eabi/5.4.1/../../../../arm-none-eabi/lib/armv6-m/libc_nano.a(lib_a-stdio.o)
                0x0001c830                __sclose
 .text.__swbuf_r
                0x0001c83c       0xb0 /home/geo/ESlab/software_package/gcc-arm-none-eabi/bin/../lib/gcc/arm-none-eabi/5.4.1/../../../../arm-none-eabi/lib/armv6-m/libc_nano.a(lib_a-wbuf.o)
                0x0001c83c                __swbuf_r
 .text._write_r
                0x0001c8ec       0x28 /home/geo/ESlab/software_package/gcc-arm-none-eabi/bin/../lib/gcc/arm-none-eabi/5.4.1/../../../../arm-none-eabi/lib/armv6-m/libc_nano.a(lib_a-writer.o)
                0x0001c8ec                _write_r
 .text.__swsetup_r
                0x0001c914       0xec /home/geo/ESlab/software_package/gcc-arm-none-eabi/bin/../lib/gcc/arm-none-eabi/5.4.1/../../../../arm-none-eabi/lib/armv6-m/libc_nano.a(lib_a-wsetup.o)
                0x0001c914                __swsetup_r
 .text._close_r
                0x0001ca00       0x24 /home/geo/ESlab/software_package/gcc-arm-none-eabi/bin/../lib/gcc/arm-none-eabi/5.4.1/../../../../arm-none-eabi/lib/armv6-m/libc_nano.a(lib_a-closer.o)
                0x0001ca00                _close_r
 .text.__sflush_r
                0x0001ca24      0x10c /home/geo/ESlab/software_package/gcc-arm-none-eabi/bin/../lib/gcc/arm-none-eabi/5.4.1/../../../../arm-none-eabi/lib/armv6-m/libc_nano.a(lib_a-fflush.o)
                0x0001ca24                __sflush_r
 .text._fflush_r
                0x0001cb30       0x58 /home/geo/ESlab/software_package/gcc-arm-none-eabi/bin/../lib/gcc/arm-none-eabi/5.4.1/../../../../arm-none-eabi/lib/armv6-m/libc_nano.a(lib_a-fflush.o)
                0x0001cb30                _fflush_r
 .text._lseek_r
                0x0001cb88       0x28 /home/geo/ESlab/software_package/gcc-arm-none-eabi/bin/../lib/gcc/arm-none-eabi/5.4.1/../../../../arm-none-eabi/lib/armv6-m/libc_nano.a(lib_a-lseekr.o)
                0x0001cb88                _lseek_r
 .text.__swhatbuf_r
                0x0001cbb0       0x4c /home/geo/ESlab/software_package/gcc-arm-none-eabi/bin/../lib/gcc/arm-none-eabi/5.4.1/../../../../arm-none-eabi/lib/armv6-m/libc_nano.a(lib_a-makebuf.o)
                0x0001cbb0                __swhatbuf_r
 .text.__smakebuf_r
                0x0001cbfc       0x7c /home/geo/ESlab/software_package/gcc-arm-none-eabi/bin/../lib/gcc/arm-none-eabi/5.4.1/../../../../arm-none-eabi/lib/armv6-m/libc_nano.a(lib_a-makebuf.o)
                0x0001cbfc                __smakebuf_r
 .text.memchr   0x0001cc78       0x16 /home/geo/ESlab/software_package/gcc-arm-none-eabi/bin/../lib/gcc/arm-none-eabi/5.4.1/../../../../arm-none-eabi/lib/armv6-m/libc_nano.a(lib_a-memchr-stub.o)
                0x0001cc78                memchr
 *fill*         0x0001cc8e        0x2 
 .text._read_r  0x0001cc90       0x28 /home/geo/ESlab/software_package/gcc-arm-none-eabi/bin/../lib/gcc/arm-none-eabi/5.4.1/../../../../arm-none-eabi/lib/armv6-m/libc_nano.a(lib_a-readr.o)
                0x0001cc90                _read_r
 .text._fstat_r
                0x0001ccb8       0x24 /home/geo/ESlab/software_package/gcc-arm-none-eabi/bin/../lib/gcc/arm-none-eabi/5.4.1/../../../../arm-none-eabi/lib/armv6-m/libc_nano.a(lib_a-fstatr.o)
                0x0001ccb8                _fstat_r
 .text._isatty_r
                0x0001ccdc       0x24 /home/geo/ESlab/software_package/gcc-arm-none-eabi/bin/../lib/gcc/arm-none-eabi/5.4.1/../../../../arm-none-eabi/lib/armv6-m/libc_nano.a(lib_a-isattyr.o)
                0x0001ccdc                _isatty_r
 .text._close   0x0001cd00       0x10 /home/geo/ESlab/software_package/gcc-arm-none-eabi/bin/../lib/gcc/arm-none-eabi/5.4.1/../../../../arm-none-eabi/lib/armv6-m/libnosys.a(close.o)
                0x0001cd00                _close
 .text._fstat   0x0001cd10       0x10 /home/geo/ESlab/software_package/gcc-arm-none-eabi/bin/../lib/gcc/arm-none-eabi/5.4.1/../../../../arm-none-eabi/lib/armv6-m/libnosys.a(fstat.o)
                0x0001cd10                _fstat
 .text._isatty  0x0001cd20       0x10 /home/geo/ESlab/software_package/gcc-arm-none-eabi/bin/../lib/gcc/arm-none-eabi/5.4.1/../../../../arm-none-eabi/lib/armv6-m/libnosys.a(isatty.o)
                0x0001cd20                _isatty
 .text._lseek   0x0001cd30       0x10 /home/geo/ESlab/software_package/gcc-arm-none-eabi/bin/../lib/gcc/arm-none-eabi/5.4.1/../../../../arm-none-eabi/lib/armv6-m/libnosys.a(lseek.o)
                0x0001cd30                _lseek
 .text._read    0x0001cd40       0x10 /home/geo/ESlab/software_package/gcc-arm-none-eabi/bin/../lib/gcc/arm-none-eabi/5.4.1/../../../../arm-none-eabi/lib/armv6-m/libnosys.a(read.o)
                0x0001cd40                _read
 .text._sbrk    0x0001cd50       0x1c /home/geo/ESlab/software_package/gcc-arm-none-eabi/bin/../lib/gcc/arm-none-eabi/5.4.1/../../../../arm-none-eabi/lib/armv6-m/libnosys.a(sbrk.o)
                0x0001cd50                _sbrk
 *(.init)
 .init          0x0001cd6c        0x4 /home/geo/ESlab/software_package/gcc-arm-none-eabi/bin/../lib/gcc/arm-none-eabi/5.4.1/armv6-m/crti.o
                0x0001cd6c                _init
 .init          0x0001cd70        0x8 /home/geo/ESlab/software_package/gcc-arm-none-eabi/bin/../lib/gcc/arm-none-eabi/5.4.1/armv6-m/crtn.o
 *(.fini)
 .fini          0x0001cd78        0x4 /home/geo/ESlab/software_package/gcc-arm-none-eabi/bin/../lib/gcc/arm-none-eabi/5.4.1/armv6-m/crti.o
                0x0001cd78                _fini
 .fini          0x0001cd7c        0x8 /home/geo/ESlab/software_package/gcc-arm-none-eabi/bin/../lib/gcc/arm-none-eabi/5.4.1/armv6-m/crtn.o
 *crtbegin.o(.ctors)
 *crtbegin?.o(.ctors)
 *(EXCLUDE_FILE(*crtend.o *crtend?.o) .ctors)
 *(SORT(.ctors.*))
 *(.ctors)
 *crtbegin.o(.dtors)
 *crtbegin?.o(.dtors)
 *(EXCLUDE_FILE(*crtend.o *crtend?.o) .dtors)
 *(SORT(.dtors.*))
 *(.dtors)
 *(.rodata*)
 .rodata.str1.1
                0x0001cd84        0x2 /home/geo/ESlab/software_package/gcc-arm-none-eabi/bin/../lib/gcc/arm-none-eabi/5.4.1/../../../../arm-none-eabi/lib/armv6-m/libc_nano.a(lib_a-impure.o)
 *fill*         0x0001cd86        0x2 
 .rodata._global_impure_ptr
                0x0001cd88        0x4 /home/geo/ESlab/software_package/gcc-arm-none-eabi/bin/../lib/gcc/arm-none-eabi/5.4.1/../../../../arm-none-eabi/lib/armv6-m/libc_nano.a(lib_a-impure.o)
                0x0001cd88                _global_impure_ptr
 .rodata.stateHandler
                0x0001cd8c       0x1c _build/in4073.o
 .rodata.quadrupel_timer.7098
                0x0001cda8        0x4 _build/timers.o
 .rodata.str1.4
                0x0001cdac       0x11 _build/uart.o
 *fill*         0x0001cdbd        0x3 
 .rodata.str1.4
                0x0001cdc0       0x38 _build/twi.o
 .rodata.test   0x0001cdf8       0x28 _build/inv_mpu.o
                0x0001cdf8                test
 .rodata.str1.4
                0x0001ce20       0xa6 _build/inv_mpu.o
 *fill*         0x0001cec6        0x2 
 .rodata.hw     0x0001cec8        0xc _build/inv_mpu.o
                0x0001cec8                hw
 .rodata.reg    0x0001ced4       0x1e _build/inv_mpu.o
                0x0001ced4                reg
 *fill*         0x0001cef2        0x2 
 .rodata        0x0001cef4       0x4b _build/inv_mpu_dmp_motion_driver.o
 *fill*         0x0001cf3f        0x1 
 .rodata.dmp_memory
                0x0001cf40      0xbf6 _build/inv_mpu_dmp_motion_driver.o
 *fill*         0x0001db36        0x2 
 .rodata.str1.4
                0x0001db38      0x14a _build/mpu_wrapper.o
 *fill*         0x0001dc82        0x2 
 .rodata.str1.4
                0x0001dc84       0x28 _build/app_error.o
                                 0x27 (size before relaxing)
 .rodata        0x0001dcac       0x80 /home/geo/ESlab/software_package/gcc-arm-none-eabi/bin/../lib/gcc/arm-none-eabi/5.4.1/armv6-m/libgcc.a(divsf3.o)
 .rodata        0x0001dd2c       0x40 /home/geo/ESlab/software_package/gcc-arm-none-eabi/bin/../lib/gcc/arm-none-eabi/5.4.1/armv6-m/libgcc.a(mulsf3.o)
 .rodata.__sf_fake_stdin
                0x0001dd6c       0x20 /home/geo/ESlab/software_package/gcc-arm-none-eabi/bin/../lib/gcc/arm-none-eabi/5.4.1/../../../../arm-none-eabi/lib/armv6-m/libc_nano.a(lib_a-findfp.o)
                0x0001dd6c                __sf_fake_stdin
 .rodata.__sf_fake_stdout
                0x0001dd8c       0x20 /home/geo/ESlab/software_package/gcc-arm-none-eabi/bin/../lib/gcc/arm-none-eabi/5.4.1/../../../../arm-none-eabi/lib/armv6-m/libc_nano.a(lib_a-findfp.o)
                0x0001dd8c                __sf_fake_stdout
 .rodata.__sf_fake_stderr
                0x0001ddac       0x20 /home/geo/ESlab/software_package/gcc-arm-none-eabi/bin/../lib/gcc/arm-none-eabi/5.4.1/../../../../arm-none-eabi/lib/armv6-m/libc_nano.a(lib_a-findfp.o)
                0x0001ddac                __sf_fake_stderr
 .rodata.str1.1
                0x0001ddcc       0x11 /home/geo/ESlab/software_package/gcc-arm-none-eabi/bin/../lib/gcc/arm-none-eabi/5.4.1/../../../../arm-none-eabi/lib/armv6-m/libc_nano.a(lib_a-nano-vfprintf.o)
 .rodata.str1.1
                0x0001dddd       0x22 /home/geo/ESlab/software_package/gcc-arm-none-eabi/bin/../lib/gcc/arm-none-eabi/5.4.1/../../../../arm-none-eabi/lib/armv6-m/libc_nano.a(lib_a-nano-vfprintf_i.o)
 *(.eh_frame*)
 *fill*         0x0001ddff        0x1 
 .eh_frame      0x0001de00        0x0 /home/geo/ESlab/software_package/gcc-arm-none-eabi/bin/../lib/gcc/arm-none-eabi/5.4.1/armv6-m/crtbegin.o
                0x0001de00                . = ALIGN (0x4)

.glue_7         0x0001de00        0x0
 .glue_7        0x0001de00        0x0 linker stubs

.glue_7t        0x0001de00        0x0
 .glue_7t       0x0001de00        0x0 linker stubs

.vfp11_veneer   0x0001de00        0x0
 .vfp11_veneer  0x0001de00        0x0 linker stubs

.v4_bx          0x0001de00        0x0
 .v4_bx         0x0001de00        0x0 linker stubs

.iplt           0x0001de00        0x0
 .iplt          0x0001de00        0x0 /home/geo/ESlab/software_package/gcc-arm-none-eabi/bin/../lib/gcc/arm-none-eabi/5.4.1/armv6-m/crtbegin.o

.ARM.extab      0x0001de00        0x0
 *(.ARM.extab* .gnu.linkonce.armextab.*)
                0x0001de00                . = ALIGN (0x4)
                0x0001de00                __exidx_start = .

.ARM.exidx      0x0001de00        0x8
 *(.ARM.exidx* .gnu.linkonce.armexidx.*)
 .ARM.exidx     0x0001de00        0x8 /home/geo/ESlab/software_package/gcc-arm-none-eabi/bin/../lib/gcc/arm-none-eabi/5.4.1/../../../../arm-none-eabi/lib/armv6-m/crt0.o
 .ARM.exidx     0x0001de08        0x0 _build/gcc_startup_nrf51.o
                                  0x8 (size before relaxing)
                0x0001de08                . = ALIGN (0x4)
                0x0001de08                __exidx_end = .
                0x0001de08                __etext = .

.rel.dyn        0x0001de08        0x0
 .rel.iplt      0x0001de08        0x0 /home/geo/ESlab/software_package/gcc-arm-none-eabi/bin/../lib/gcc/arm-none-eabi/5.4.1/armv6-m/crtbegin.o

.data           0x20002000       0xac load address 0x0001de08
                0x20002000                __data_start__ = .
 *(vtable)
 *(.data*)
 .data.impure_data
                0x20002000       0x60 /home/geo/ESlab/software_package/gcc-arm-none-eabi/bin/../lib/gcc/arm-none-eabi/5.4.1/../../../../arm-none-eabi/lib/armv6-m/libc_nano.a(lib_a-impure.o)
 .data._impure_ptr
                0x20002060        0x4 /home/geo/ESlab/software_package/gcc-arm-none-eabi/bin/../lib/gcc/arm-none-eabi/5.4.1/../../../../arm-none-eabi/lib/armv6-m/libc_nano.a(lib_a-impure.o)
                0x20002060                _impure_ptr
 .data.maxMsgSize
                0x20002064        0x4 _build/in4073.o
                0x20002064                maxMsgSize
 .data.operation
                0x20002068        0x1 _build/in4073.o
                0x20002068                operation
 .data.txd_available
                0x20002069        0x1 _build/uart.o
                0x20002069                txd_available
 *fill*         0x2000206a        0x2 
 .data.st       0x2000206c       0x2c _build/inv_mpu.o
 .data.gyro_orientation.7018
                0x20002098        0x9 _build/mpu_wrapper.o
                0x200020a4                . = ALIGN (0x4)
 *fill*         0x200020a1        0x3 
                0x200020a4                PROVIDE (__preinit_array_start, .)
 *(.preinit_array)
                0x200020a4                PROVIDE (__preinit_array_end, .)
                0x200020a4                . = ALIGN (0x4)
                0x200020a4                PROVIDE (__init_array_start, .)
 *(SORT(.init_array.*))
 *(.init_array)
 .init_array    0x200020a4        0x4 /home/geo/ESlab/software_package/gcc-arm-none-eabi/bin/../lib/gcc/arm-none-eabi/5.4.1/armv6-m/crtbegin.o
                0x200020a8                PROVIDE (__init_array_end, .)
                0x200020a8                . = ALIGN (0x4)
                [!provide]                PROVIDE (__fini_array_start, .)
 *(SORT(.fini_array.*))
 *(.fini_array)
 .fini_array    0x200020a8        0x4 /home/geo/ESlab/software_package/gcc-arm-none-eabi/bin/../lib/gcc/arm-none-eabi/5.4.1/armv6-m/crtbegin.o
                [!provide]                PROVIDE (__fini_array_end, .)
 *(.jcr)
 .jcr           0x200020ac        0x0 /home/geo/ESlab/software_package/gcc-arm-none-eabi/bin/../lib/gcc/arm-none-eabi/5.4.1/armv6-m/crtbegin.o
                0x200020ac                . = ALIGN (0x4)
                0x200020ac                __data_end__ = .

.igot.plt       0x200020ac        0x0 load address 0x0001deb4
 .igot.plt      0x200020ac        0x0 /home/geo/ESlab/software_package/gcc-arm-none-eabi/bin/../lib/gcc/arm-none-eabi/5.4.1/armv6-m/crtbegin.o

.bss            0x200020ac      0x6f4 load address 0x0001deb4
                0x200020ac                . = ALIGN (0x4)
                0x200020ac                __bss_start__ = .
 *(.bss*)
 .bss           0x200020ac       0x1c /home/geo/ESlab/software_package/gcc-arm-none-eabi/bin/../lib/gcc/arm-none-eabi/5.4.1/armv6-m/crtbegin.o
 .bss.pkt_R     0x200020c8        0x4 _build/in4073.o
                0x200020c8                pkt_R
 .bss.InputDataBuffer
                0x200020cc        0x4 _build/in4073.o
                0x200020cc                InputDataBuffer
 .bss.counter   0x200020d0        0x4 _build/in4073.o
                0x200020d0                counter
 .bss.APP_TIMER_BUF.7094
                0x200020d4      0x1c8 _build/timers.o
 .bss.quadrupel_timer_data.7097
                0x2000229c       0x20 _build/timers.o
 .bss.sent      0x200022bc        0x1 _build/twi.o
 .bss.read      0x200022bd        0x1 _build/twi.o
 *fill*         0x200022be        0x2 
 .bss.prom      0x200022c0       0x10 _build/baro.o
 .bss.data.7011
                0x200022d0        0x2 _build/baro.o
 *fill*         0x200022d2        0x2 
 .bss.spi_config_table
                0x200022d4        0xc _build/spi_flash.o
 .bss.SPI       0x200022e0        0x4 _build/spi_flash.o
 .bss.dmp       0x200022e4       0x10 _build/inv_mpu_dmp_motion_driver.o
 .bss.m_ticks_latest
                0x200022f4        0x4 _build/app_timer.o
 .bss.mp_timer_id_head
                0x200022f8        0x4 _build/app_timer.o
 .bss.m_evt_schedule_func
                0x200022fc        0x4 _build/app_timer.o
 .bss.m_user_array_size
                0x20002300        0x1 _build/app_timer.o
 *fill*         0x20002301        0x3 
 .bss.mp_users  0x20002304        0x4 _build/app_timer.o
 .bss.m_ticks_elapsed_q_read_ind
                0x20002308        0x1 _build/app_timer.o
 .bss.m_ticks_elapsed_q_write_ind
                0x20002309        0x1 _build/app_timer.o
 .bss.m_rtc1_reset
                0x2000230a        0x1 _build/app_timer.o
 *fill*         0x2000230b        0x1 
 .bss.m_ticks_elapsed
                0x2000230c        0x8 _build/app_timer.o
 .bss.m_rtc1_running
                0x20002314        0x1 _build/app_timer.o
 .bss.m_softdevice_enabled
                0x20002315        0x1 _build/softdevice_handler.o
 .bss.m_ble_evt_buffer_size
                0x20002316        0x2 _build/softdevice_handler.o
 .bss.mp_ble_evt_buffer
                0x20002318        0x4 _build/softdevice_handler.o
 .bss.m_sys_evt_handler
                0x2000231c        0x4 _build/softdevice_handler.o
 .bss.m_ble_evt_handler
                0x20002320        0x4 _build/softdevice_handler.o
 .bss.m_evt_schedule_func
                0x20002324        0x4 _build/softdevice_handler.o
 .bss.__malloc_sbrk_start
                0x20002328        0x4 /home/geo/ESlab/software_package/gcc-arm-none-eabi/bin/../lib/gcc/arm-none-eabi/5.4.1/../../../../arm-none-eabi/lib/armv6-m/libc_nano.a(lib_a-nano-mallocr.o)
                0x20002328                __malloc_sbrk_start
 .bss.__malloc_free_list
                0x2000232c        0x4 /home/geo/ESlab/software_package/gcc-arm-none-eabi/bin/../lib/gcc/arm-none-eabi/5.4.1/../../../../arm-none-eabi/lib/armv6-m/libc_nano.a(lib_a-nano-mallocr.o)
                0x2000232c                __malloc_free_list
 .bss.heap_end.4167
                0x20002330        0x4 /home/geo/ESlab/software_package/gcc-arm-none-eabi/bin/../lib/gcc/arm-none-eabi/5.4.1/../../../../arm-none-eabi/lib/armv6-m/libnosys.a(sbrk.o)
 *(COMMON)
 COMMON         0x20002334      0x460 _build/in4073.o
                0x20002334                say
                0x20002336                currentByte
                0x20002338                psi
                0x2000233a                sensor_fifo_count
                0x2000233c                saz
                0x2000233e                currentState
                0x20002340                rx_queue
                0x20002446                phi
                0x20002448                ptr
                0x2000244c                temperature
                0x20002450                theta
                0x20002454                pressure
                0x20002458                nextState
                0x2000245c                tx_queue
                0x20002562                sax
                0x20002564                sq
                0x20002566                bat_volt
                0x20002568                ble_rx_queue
                0x2000266e                sp
                0x20002670                radio_active
                0x20002671                currentEvent
                0x20002674                motor
                0x2000267c                last_correct_checksum_time
                0x20002680                ble_tx_queue
                0x20002786                msgType
                0x20002788                ae
                0x20002790                sr
                0x20002792                msgSize
                0x20002793                demo_done
 COMMON         0x20002794        0x5 _build/timers.o
                0x20002794                global_time
                0x20002798                timer_flag
 *fill*         0x20002799        0x3 
 COMMON         0x2000279c        0x4 /home/geo/ESlab/software_package/gcc-arm-none-eabi/bin/../lib/gcc/arm-none-eabi/5.4.1/../../../../arm-none-eabi/lib/armv6-m/libc_nano.a(lib_a-reent.o)
                0x2000279c                errno
                0x200027a0                . = ALIGN (0x4)
                0x200027a0                __bss_end__ = .

.heap           0x200027a0      0x800
                0x200027a0                __end__ = .
                0x200027a0                end = __end__
 *(.heap*)
 .heap          0x200027a0      0x800 _build/gcc_startup_nrf51.o
                0x200027a0                __HeapBase
                0x20002fa0                __HeapLimit = .

.stack_dummy    0x200027a0      0x800
 *(.stack*)
 .stack         0x200027a0      0x800 _build/gcc_startup_nrf51.o
                0x20004000                __StackTop = (ORIGIN (RAM) + LENGTH (RAM))
                0x20003800                __StackLimit = (__StackTop - SIZEOF (.stack_dummy))
                0x20004000                PROVIDE (__stack, __StackTop)
                0x00000001                ASSERT ((__StackLimit >= __HeapLimit), region RAM overflowed with stack)
OUTPUT(_build/in4073.out elf32-littlearm)

.ARM.attributes
                0x00000000       0x28
 .ARM.attributes
                0x00000000       0x1e /home/geo/ESlab/software_package/gcc-arm-none-eabi/bin/../lib/gcc/arm-none-eabi/5.4.1/armv6-m/crti.o
 .ARM.attributes
                0x0000001e       0x2c /home/geo/ESlab/software_package/gcc-arm-none-eabi/bin/../lib/gcc/arm-none-eabi/5.4.1/armv6-m/crtbegin.o
 .ARM.attributes
                0x0000004a       0x1b /home/geo/ESlab/software_package/gcc-arm-none-eabi/bin/../lib/gcc/arm-none-eabi/5.4.1/../../../../arm-none-eabi/lib/armv6-m/crt0.o
 .ARM.attributes
                0x00000065       0x2c /home/geo/ESlab/software_package/gcc-arm-none-eabi/bin/../lib/gcc/arm-none-eabi/5.4.1/../../../../arm-none-eabi/lib/armv6-m/libc_nano.a(lib_a-exit.o)
 .ARM.attributes
                0x00000091       0x2c /home/geo/ESlab/software_package/gcc-arm-none-eabi/bin/../lib/gcc/arm-none-eabi/5.4.1/../../../../arm-none-eabi/lib/armv6-m/libc_nano.a(lib_a-impure.o)
 .ARM.attributes
                0x000000bd       0x2c /home/geo/ESlab/software_package/gcc-arm-none-eabi/bin/../lib/gcc/arm-none-eabi/5.4.1/../../../../arm-none-eabi/lib/armv6-m/libc_nano.a(lib_a-init.o)
 .ARM.attributes
                0x000000e9       0x2c /home/geo/ESlab/software_package/gcc-arm-none-eabi/bin/../lib/gcc/arm-none-eabi/5.4.1/../../../../arm-none-eabi/lib/armv6-m/libc_nano.a(lib_a-memset.o)
 .ARM.attributes
                0x00000115       0x2c /home/geo/ESlab/software_package/gcc-arm-none-eabi/bin/../lib/gcc/arm-none-eabi/5.4.1/../../../../arm-none-eabi/lib/armv6-m/libnosys.a(_exit.o)
 .ARM.attributes
                0x00000141       0x31 _build/system_nrf51.o
 .ARM.attributes
                0x00000172       0x31 _build/nrf_delay.o
 .ARM.attributes
                0x000001a3       0x31 _build/in4073.o
 .ARM.attributes
                0x000001d4       0x31 _build/crc16.o
 .ARM.attributes
                0x00000205       0x31 _build/packet.o
 .ARM.attributes
                0x00000236       0x31 _build/gpio.o
 .ARM.attributes
                0x00000267       0x31 _build/timers.o
 .ARM.attributes
                0x00000298       0x31 _build/uart.o
 .ARM.attributes
                0x000002c9       0x31 _build/queue.o
 .ARM.attributes
                0x000002fa       0x31 _build/twi.o
 .ARM.attributes
                0x0000032b       0x31 _build/adc.o
 .ARM.attributes
                0x0000035c       0x31 _build/baro.o
 .ARM.attributes
                0x0000038d       0x31 _build/ble.o
 .ARM.attributes
                0x000003be       0x31 _build/spi_flash.o
 .ARM.attributes
                0x000003ef       0x31 _build/inv_mpu.o
 .ARM.attributes
                0x00000420       0x31 _build/inv_mpu_dmp_motion_driver.o
 .ARM.attributes
                0x00000451       0x31 _build/ml.o
 .ARM.attributes
                0x00000482       0x31 _build/mpu_wrapper.o
 .ARM.attributes
                0x000004b3       0x31 _build/app_error.o
 .ARM.attributes
                0x000004e4       0x31 _build/app_timer.o
 .ARM.attributes
                0x00000515       0x31 _build/softdevice_handler.o
 .ARM.attributes
                0x00000546       0x1b _build/gcc_startup_nrf51.o
 .ARM.attributes
                0x00000561       0x1e /home/geo/ESlab/software_package/gcc-arm-none-eabi/bin/../lib/gcc/arm-none-eabi/5.4.1/armv6-m/libgcc.a(_udivsi3.o)
 .ARM.attributes
                0x0000057f       0x1e /home/geo/ESlab/software_package/gcc-arm-none-eabi/bin/../lib/gcc/arm-none-eabi/5.4.1/armv6-m/libgcc.a(_divsi3.o)
 .ARM.attributes
                0x0000059d       0x1e /home/geo/ESlab/software_package/gcc-arm-none-eabi/bin/../lib/gcc/arm-none-eabi/5.4.1/armv6-m/libgcc.a(_dvmd_tls.o)
 .ARM.attributes
                0x000005bb       0x1e /home/geo/ESlab/software_package/gcc-arm-none-eabi/bin/../lib/gcc/arm-none-eabi/5.4.1/armv6-m/libgcc.a(_arm_cmpsf2.o)
 .ARM.attributes
                0x000005d9       0x2c /home/geo/ESlab/software_package/gcc-arm-none-eabi/bin/../lib/gcc/arm-none-eabi/5.4.1/armv6-m/libgcc.a(_fixunssfsi.o)
 .ARM.attributes
                0x00000605       0x2c /home/geo/ESlab/software_package/gcc-arm-none-eabi/bin/../lib/gcc/arm-none-eabi/5.4.1/armv6-m/libgcc.a(divsf3.o)
 .ARM.attributes
                0x00000631       0x2c /home/geo/ESlab/software_package/gcc-arm-none-eabi/bin/../lib/gcc/arm-none-eabi/5.4.1/armv6-m/libgcc.a(eqsf2.o)
 .ARM.attributes
                0x0000065d       0x2c /home/geo/ESlab/software_package/gcc-arm-none-eabi/bin/../lib/gcc/arm-none-eabi/5.4.1/armv6-m/libgcc.a(gesf2.o)
 .ARM.attributes
                0x00000689       0x2c /home/geo/ESlab/software_package/gcc-arm-none-eabi/bin/../lib/gcc/arm-none-eabi/5.4.1/armv6-m/libgcc.a(lesf2.o)
 .ARM.attributes
                0x000006b5       0x2c /home/geo/ESlab/software_package/gcc-arm-none-eabi/bin/../lib/gcc/arm-none-eabi/5.4.1/armv6-m/libgcc.a(mulsf3.o)
 .ARM.attributes
                0x000006e1       0x2c /home/geo/ESlab/software_package/gcc-arm-none-eabi/bin/../lib/gcc/arm-none-eabi/5.4.1/armv6-m/libgcc.a(subsf3.o)
 .ARM.attributes
                0x0000070d       0x2c /home/geo/ESlab/software_package/gcc-arm-none-eabi/bin/../lib/gcc/arm-none-eabi/5.4.1/armv6-m/libgcc.a(fixsfsi.o)
 .ARM.attributes
                0x00000739       0x2c /home/geo/ESlab/software_package/gcc-arm-none-eabi/bin/../lib/gcc/arm-none-eabi/5.4.1/armv6-m/libgcc.a(floatunsisf.o)
 .ARM.attributes
                0x00000765       0x1e /home/geo/ESlab/software_package/gcc-arm-none-eabi/bin/../lib/gcc/arm-none-eabi/5.4.1/armv6-m/libgcc.a(_clzsi2.o)
 .ARM.attributes
                0x00000783       0x2c /home/geo/ESlab/software_package/gcc-arm-none-eabi/bin/../lib/gcc/arm-none-eabi/5.4.1/../../../../arm-none-eabi/lib/armv6-m/libc_nano.a(lib_a-malloc.o)
 .ARM.attributes
                0x000007af       0x2c /home/geo/ESlab/software_package/gcc-arm-none-eabi/bin/../lib/gcc/arm-none-eabi/5.4.1/../../../../arm-none-eabi/lib/armv6-m/libc_nano.a(lib_a-memcmp.o)
 .ARM.attributes
                0x000007db       0x2c /home/geo/ESlab/software_package/gcc-arm-none-eabi/bin/../lib/gcc/arm-none-eabi/5.4.1/../../../../arm-none-eabi/lib/armv6-m/libc_nano.a(lib_a-memcpy-stub.o)
 .ARM.attributes
                0x00000807       0x2c /home/geo/ESlab/software_package/gcc-arm-none-eabi/bin/../lib/gcc/arm-none-eabi/5.4.1/../../../../arm-none-eabi/lib/armv6-m/libc_nano.a(lib_a-nano-freer.o)
 .ARM.attributes
                0x00000833       0x2c /home/geo/ESlab/software_package/gcc-arm-none-eabi/bin/../lib/gcc/arm-none-eabi/5.4.1/../../../../arm-none-eabi/lib/armv6-m/libc_nano.a(lib_a-nano-mallocr.o)
 .ARM.attributes
                0x0000085f       0x2c /home/geo/ESlab/software_package/gcc-arm-none-eabi/bin/../lib/gcc/arm-none-eabi/5.4.1/../../../../arm-none-eabi/lib/armv6-m/libc_nano.a(lib_a-printf.o)
 .ARM.attributes
                0x0000088b       0x2c /home/geo/ESlab/software_package/gcc-arm-none-eabi/bin/../lib/gcc/arm-none-eabi/5.4.1/../../../../arm-none-eabi/lib/armv6-m/libc_nano.a(lib_a-sbrkr.o)
 .ARM.attributes
                0x000008b7       0x2c /home/geo/ESlab/software_package/gcc-arm-none-eabi/bin/../lib/gcc/arm-none-eabi/5.4.1/../../../../arm-none-eabi/lib/armv6-m/libc_nano.a(lib_a-findfp.o)
 .ARM.attributes
                0x000008e3       0x2c /home/geo/ESlab/software_package/gcc-arm-none-eabi/bin/../lib/gcc/arm-none-eabi/5.4.1/../../../../arm-none-eabi/lib/armv6-m/libc_nano.a(lib_a-fwalk.o)
 .ARM.attributes
                0x0000090f       0x2c /home/geo/ESlab/software_package/gcc-arm-none-eabi/bin/../lib/gcc/arm-none-eabi/5.4.1/../../../../arm-none-eabi/lib/armv6-m/libc_nano.a(lib_a-mlock.o)
 .ARM.attributes
                0x0000093b       0x2c /home/geo/ESlab/software_package/gcc-arm-none-eabi/bin/../lib/gcc/arm-none-eabi/5.4.1/../../../../arm-none-eabi/lib/armv6-m/libc_nano.a(lib_a-nano-vfprintf.o)
 .ARM.attributes
                0x00000967       0x2c /home/geo/ESlab/software_package/gcc-arm-none-eabi/bin/../lib/gcc/arm-none-eabi/5.4.1/../../../../arm-none-eabi/lib/armv6-m/libc_nano.a(lib_a-nano-vfprintf_i.o)
 .ARM.attributes
                0x00000993       0x2c /home/geo/ESlab/software_package/gcc-arm-none-eabi/bin/../lib/gcc/arm-none-eabi/5.4.1/../../../../arm-none-eabi/lib/armv6-m/libc_nano.a(lib_a-reent.o)
 .ARM.attributes
                0x000009bf       0x2c /home/geo/ESlab/software_package/gcc-arm-none-eabi/bin/../lib/gcc/arm-none-eabi/5.4.1/../../../../arm-none-eabi/lib/armv6-m/libc_nano.a(lib_a-stdio.o)
 .ARM.attributes
                0x000009eb       0x2c /home/geo/ESlab/software_package/gcc-arm-none-eabi/bin/../lib/gcc/arm-none-eabi/5.4.1/../../../../arm-none-eabi/lib/armv6-m/libc_nano.a(lib_a-wbuf.o)
 .ARM.attributes
                0x00000a17       0x2c /home/geo/ESlab/software_package/gcc-arm-none-eabi/bin/../lib/gcc/arm-none-eabi/5.4.1/../../../../arm-none-eabi/lib/armv6-m/libc_nano.a(lib_a-writer.o)
 .ARM.attributes
                0x00000a43       0x2c /home/geo/ESlab/software_package/gcc-arm-none-eabi/bin/../lib/gcc/arm-none-eabi/5.4.1/../../../../arm-none-eabi/lib/armv6-m/libc_nano.a(lib_a-wsetup.o)
 .ARM.attributes
                0x00000a6f       0x2c /home/geo/ESlab/software_package/gcc-arm-none-eabi/bin/../lib/gcc/arm-none-eabi/5.4.1/../../../../arm-none-eabi/lib/armv6-m/libc_nano.a(lib_a-closer.o)
 .ARM.attributes
                0x00000a9b       0x2c /home/geo/ESlab/software_package/gcc-arm-none-eabi/bin/../lib/gcc/arm-none-eabi/5.4.1/../../../../arm-none-eabi/lib/armv6-m/libc_nano.a(lib_a-fflush.o)
 .ARM.attributes
                0x00000ac7       0x2c /home/geo/ESlab/software_package/gcc-arm-none-eabi/bin/../lib/gcc/arm-none-eabi/5.4.1/../../../../arm-none-eabi/lib/armv6-m/libc_nano.a(lib_a-lseekr.o)
 .ARM.attributes
                0x00000af3       0x2c /home/geo/ESlab/software_package/gcc-arm-none-eabi/bin/../lib/gcc/arm-none-eabi/5.4.1/../../../../arm-none-eabi/lib/armv6-m/libc_nano.a(lib_a-makebuf.o)
 .ARM.attributes
                0x00000b1f       0x2c /home/geo/ESlab/software_package/gcc-arm-none-eabi/bin/../lib/gcc/arm-none-eabi/5.4.1/../../../../arm-none-eabi/lib/armv6-m/libc_nano.a(lib_a-memchr-stub.o)
 .ARM.attributes
                0x00000b4b       0x2c /home/geo/ESlab/software_package/gcc-arm-none-eabi/bin/../lib/gcc/arm-none-eabi/5.4.1/../../../../arm-none-eabi/lib/armv6-m/libc_nano.a(lib_a-readr.o)
 .ARM.attributes
                0x00000b77       0x2c /home/geo/ESlab/software_package/gcc-arm-none-eabi/bin/../lib/gcc/arm-none-eabi/5.4.1/../../../../arm-none-eabi/lib/armv6-m/libc_nano.a(lib_a-fstatr.o)
 .ARM.attributes
                0x00000ba3       0x2c /home/geo/ESlab/software_package/gcc-arm-none-eabi/bin/../lib/gcc/arm-none-eabi/5.4.1/../../../../arm-none-eabi/lib/armv6-m/libc_nano.a(lib_a-isattyr.o)
 .ARM.attributes
                0x00000bcf       0x1e /home/geo/ESlab/software_package/gcc-arm-none-eabi/bin/../lib/gcc/arm-none-eabi/5.4.1/armv6-m/crtn.o
 .ARM.attributes
                0x00000bed       0x2c /home/geo/ESlab/software_package/gcc-arm-none-eabi/bin/../lib/gcc/arm-none-eabi/5.4.1/../../../../arm-none-eabi/lib/armv6-m/libnosys.a(close.o)
 .ARM.attributes
                0x00000c19       0x2c /home/geo/ESlab/software_package/gcc-arm-none-eabi/bin/../lib/gcc/arm-none-eabi/5.4.1/../../../../arm-none-eabi/lib/armv6-m/libnosys.a(fstat.o)
 .ARM.attributes
                0x00000c45       0x2c /home/geo/ESlab/software_package/gcc-arm-none-eabi/bin/../lib/gcc/arm-none-eabi/5.4.1/../../../../arm-none-eabi/lib/armv6-m/libnosys.a(isatty.o)
 .ARM.attributes
                0x00000c71       0x2c /home/geo/ESlab/software_package/gcc-arm-none-eabi/bin/../lib/gcc/arm-none-eabi/5.4.1/../../../../arm-none-eabi/lib/armv6-m/libnosys.a(lseek.o)
 .ARM.attributes
                0x00000c9d       0x2c /home/geo/ESlab/software_package/gcc-arm-none-eabi/bin/../lib/gcc/arm-none-eabi/5.4.1/../../../../arm-none-eabi/lib/armv6-m/libnosys.a(read.o)
 .ARM.attributes
                0x00000cc9       0x2c /home/geo/ESlab/software_package/gcc-arm-none-eabi/bin/../lib/gcc/arm-none-eabi/5.4.1/../../../../arm-none-eabi/lib/armv6-m/libnosys.a(sbrk.o)

.comment        0x00000000       0x6e
 .comment       0x00000000       0x6e _build/system_nrf51.o
                                 0x6f (size before relaxing)
 .comment       0x0000006e       0x6f _build/nrf_delay.o
 .comment       0x0000006e       0x6f _build/in4073.o
 .comment       0x0000006e       0x6f _build/crc16.o
 .comment       0x0000006e       0x6f _build/packet.o
 .comment       0x0000006e       0x6f _build/gpio.o
 .comment       0x0000006e       0x6f _build/timers.o
 .comment       0x0000006e       0x6f _build/uart.o
 .comment       0x0000006e       0x6f _build/queue.o
 .comment       0x0000006e       0x6f _build/twi.o
 .comment       0x0000006e       0x6f _build/adc.o
 .comment       0x0000006e       0x6f _build/baro.o
 .comment       0x0000006e       0x6f _build/ble.o
 .comment       0x0000006e       0x6f _build/spi_flash.o
 .comment       0x0000006e       0x6f _build/inv_mpu.o
 .comment       0x0000006e       0x6f _build/inv_mpu_dmp_motion_driver.o
 .comment       0x0000006e       0x6f _build/ml.o
 .comment       0x0000006e       0x6f _build/mpu_wrapper.o
 .comment       0x0000006e       0x6f _build/app_error.o
 .comment       0x0000006e       0x6f _build/app_timer.o
 .comment       0x0000006e       0x6f _build/softdevice_handler.o

.debug_frame    0x00000000      0xa88
 .debug_frame   0x00000000       0x28 /home/geo/ESlab/software_package/gcc-arm-none-eabi/bin/../lib/gcc/arm-none-eabi/5.4.1/../../../../arm-none-eabi/lib/armv6-m/libc_nano.a(lib_a-exit.o)
 .debug_frame   0x00000028       0x2c /home/geo/ESlab/software_package/gcc-arm-none-eabi/bin/../lib/gcc/arm-none-eabi/5.4.1/../../../../arm-none-eabi/lib/armv6-m/libc_nano.a(lib_a-init.o)
 .debug_frame   0x00000054       0x20 /home/geo/ESlab/software_package/gcc-arm-none-eabi/bin/../lib/gcc/arm-none-eabi/5.4.1/../../../../arm-none-eabi/lib/armv6-m/libc_nano.a(lib_a-memset.o)
 .debug_frame   0x00000074       0x20 /home/geo/ESlab/software_package/gcc-arm-none-eabi/bin/../lib/gcc/arm-none-eabi/5.4.1/../../../../arm-none-eabi/lib/armv6-m/libnosys.a(_exit.o)
 .debug_frame   0x00000094       0x20 /home/geo/ESlab/software_package/gcc-arm-none-eabi/bin/../lib/gcc/arm-none-eabi/5.4.1/armv6-m/libgcc.a(_udivsi3.o)
 .debug_frame   0x000000b4       0x20 /home/geo/ESlab/software_package/gcc-arm-none-eabi/bin/../lib/gcc/arm-none-eabi/5.4.1/armv6-m/libgcc.a(_divsi3.o)
 .debug_frame   0x000000d4       0x28 /home/geo/ESlab/software_package/gcc-arm-none-eabi/bin/../lib/gcc/arm-none-eabi/5.4.1/armv6-m/libgcc.a(_fixunssfsi.o)
 .debug_frame   0x000000fc       0x3c /home/geo/ESlab/software_package/gcc-arm-none-eabi/bin/../lib/gcc/arm-none-eabi/5.4.1/armv6-m/libgcc.a(divsf3.o)
 .debug_frame   0x00000138       0x2c /home/geo/ESlab/software_package/gcc-arm-none-eabi/bin/../lib/gcc/arm-none-eabi/5.4.1/armv6-m/libgcc.a(eqsf2.o)
 .debug_frame   0x00000164       0x30 /home/geo/ESlab/software_package/gcc-arm-none-eabi/bin/../lib/gcc/arm-none-eabi/5.4.1/armv6-m/libgcc.a(gesf2.o)
 .debug_frame   0x00000194       0x30 /home/geo/ESlab/software_package/gcc-arm-none-eabi/bin/../lib/gcc/arm-none-eabi/5.4.1/armv6-m/libgcc.a(lesf2.o)
 .debug_frame   0x000001c4       0x38 /home/geo/ESlab/software_package/gcc-arm-none-eabi/bin/../lib/gcc/arm-none-eabi/5.4.1/armv6-m/libgcc.a(mulsf3.o)
 .debug_frame   0x000001fc       0x30 /home/geo/ESlab/software_package/gcc-arm-none-eabi/bin/../lib/gcc/arm-none-eabi/5.4.1/armv6-m/libgcc.a(subsf3.o)
 .debug_frame   0x0000022c       0x20 /home/geo/ESlab/software_package/gcc-arm-none-eabi/bin/../lib/gcc/arm-none-eabi/5.4.1/armv6-m/libgcc.a(fixsfsi.o)
 .debug_frame   0x0000024c       0x2c /home/geo/ESlab/software_package/gcc-arm-none-eabi/bin/../lib/gcc/arm-none-eabi/5.4.1/armv6-m/libgcc.a(floatunsisf.o)
 .debug_frame   0x00000278       0x40 /home/geo/ESlab/software_package/gcc-arm-none-eabi/bin/../lib/gcc/arm-none-eabi/5.4.1/../../../../arm-none-eabi/lib/armv6-m/libc_nano.a(lib_a-malloc.o)
 .debug_frame   0x000002b8       0x2c /home/geo/ESlab/software_package/gcc-arm-none-eabi/bin/../lib/gcc/arm-none-eabi/5.4.1/../../../../arm-none-eabi/lib/armv6-m/libc_nano.a(lib_a-memcmp.o)
 .debug_frame   0x000002e4       0x28 /home/geo/ESlab/software_package/gcc-arm-none-eabi/bin/../lib/gcc/arm-none-eabi/5.4.1/../../../../arm-none-eabi/lib/armv6-m/libc_nano.a(lib_a-memcpy-stub.o)
 .debug_frame   0x0000030c       0x2c /home/geo/ESlab/software_package/gcc-arm-none-eabi/bin/../lib/gcc/arm-none-eabi/5.4.1/../../../../arm-none-eabi/lib/armv6-m/libc_nano.a(lib_a-nano-freer.o)
 .debug_frame   0x00000338       0x2c /home/geo/ESlab/software_package/gcc-arm-none-eabi/bin/../lib/gcc/arm-none-eabi/5.4.1/../../../../arm-none-eabi/lib/armv6-m/libc_nano.a(lib_a-nano-mallocr.o)
 .debug_frame   0x00000364       0x50 /home/geo/ESlab/software_package/gcc-arm-none-eabi/bin/../lib/gcc/arm-none-eabi/5.4.1/../../../../arm-none-eabi/lib/armv6-m/libc_nano.a(lib_a-printf.o)
 .debug_frame   0x000003b4       0x2c /home/geo/ESlab/software_package/gcc-arm-none-eabi/bin/../lib/gcc/arm-none-eabi/5.4.1/../../../../arm-none-eabi/lib/armv6-m/libc_nano.a(lib_a-sbrkr.o)
 .debug_frame   0x000003e0      0x140 /home/geo/ESlab/software_package/gcc-arm-none-eabi/bin/../lib/gcc/arm-none-eabi/5.4.1/../../../../arm-none-eabi/lib/armv6-m/libc_nano.a(lib_a-findfp.o)
 .debug_frame   0x00000520       0x58 /home/geo/ESlab/software_package/gcc-arm-none-eabi/bin/../lib/gcc/arm-none-eabi/5.4.1/../../../../arm-none-eabi/lib/armv6-m/libc_nano.a(lib_a-fwalk.o)
 .debug_frame   0x00000578       0x30 /home/geo/ESlab/software_package/gcc-arm-none-eabi/bin/../lib/gcc/arm-none-eabi/5.4.1/../../../../arm-none-eabi/lib/armv6-m/libc_nano.a(lib_a-mlock.o)
 .debug_frame   0x000005a8       0x9c /home/geo/ESlab/software_package/gcc-arm-none-eabi/bin/../lib/gcc/arm-none-eabi/5.4.1/../../../../arm-none-eabi/lib/armv6-m/libc_nano.a(lib_a-nano-vfprintf.o)
 .debug_frame   0x00000644       0x54 /home/geo/ESlab/software_package/gcc-arm-none-eabi/bin/../lib/gcc/arm-none-eabi/5.4.1/../../../../arm-none-eabi/lib/armv6-m/libc_nano.a(lib_a-nano-vfprintf_i.o)
 .debug_frame   0x00000698       0x48 /home/geo/ESlab/software_package/gcc-arm-none-eabi/bin/../lib/gcc/arm-none-eabi/5.4.1/../../../../arm-none-eabi/lib/armv6-m/libc_nano.a(lib_a-reent.o)
 .debug_frame   0x000006e0       0x90 /home/geo/ESlab/software_package/gcc-arm-none-eabi/bin/../lib/gcc/arm-none-eabi/5.4.1/../../../../arm-none-eabi/lib/armv6-m/libc_nano.a(lib_a-stdio.o)
 .debug_frame   0x00000770       0x48 /home/geo/ESlab/software_package/gcc-arm-none-eabi/bin/../lib/gcc/arm-none-eabi/5.4.1/../../../../arm-none-eabi/lib/armv6-m/libc_nano.a(lib_a-wbuf.o)
 .debug_frame   0x000007b8       0x2c /home/geo/ESlab/software_package/gcc-arm-none-eabi/bin/../lib/gcc/arm-none-eabi/5.4.1/../../../../arm-none-eabi/lib/armv6-m/libc_nano.a(lib_a-writer.o)
 .debug_frame   0x000007e4       0x2c /home/geo/ESlab/software_package/gcc-arm-none-eabi/bin/../lib/gcc/arm-none-eabi/5.4.1/../../../../arm-none-eabi/lib/armv6-m/libc_nano.a(lib_a-wsetup.o)
 .debug_frame   0x00000810       0x2c /home/geo/ESlab/software_package/gcc-arm-none-eabi/bin/../lib/gcc/arm-none-eabi/5.4.1/../../../../arm-none-eabi/lib/armv6-m/libc_nano.a(lib_a-closer.o)
 .debug_frame   0x0000083c       0x68 /home/geo/ESlab/software_package/gcc-arm-none-eabi/bin/../lib/gcc/arm-none-eabi/5.4.1/../../../../arm-none-eabi/lib/armv6-m/libc_nano.a(lib_a-fflush.o)
 .debug_frame   0x000008a4       0x2c /home/geo/ESlab/software_package/gcc-arm-none-eabi/bin/../lib/gcc/arm-none-eabi/5.4.1/../../../../arm-none-eabi/lib/armv6-m/libc_nano.a(lib_a-lseekr.o)
 .debug_frame   0x000008d0       0x54 /home/geo/ESlab/software_package/gcc-arm-none-eabi/bin/../lib/gcc/arm-none-eabi/5.4.1/../../../../arm-none-eabi/lib/armv6-m/libc_nano.a(lib_a-makebuf.o)
 .debug_frame   0x00000924       0x20 /home/geo/ESlab/software_package/gcc-arm-none-eabi/bin/../lib/gcc/arm-none-eabi/5.4.1/../../../../arm-none-eabi/lib/armv6-m/libc_nano.a(lib_a-memchr-stub.o)
 .debug_frame   0x00000944       0x2c /home/geo/ESlab/software_package/gcc-arm-none-eabi/bin/../lib/gcc/arm-none-eabi/5.4.1/../../../../arm-none-eabi/lib/armv6-m/libc_nano.a(lib_a-readr.o)
 .debug_frame   0x00000970       0x2c /home/geo/ESlab/software_package/gcc-arm-none-eabi/bin/../lib/gcc/arm-none-eabi/5.4.1/../../../../arm-none-eabi/lib/armv6-m/libc_nano.a(lib_a-fstatr.o)
 .debug_frame   0x0000099c       0x2c /home/geo/ESlab/software_package/gcc-arm-none-eabi/bin/../lib/gcc/arm-none-eabi/5.4.1/../../../../arm-none-eabi/lib/armv6-m/libc_nano.a(lib_a-isattyr.o)
 .debug_frame   0x000009c8       0x20 /home/geo/ESlab/software_package/gcc-arm-none-eabi/bin/../lib/gcc/arm-none-eabi/5.4.1/../../../../arm-none-eabi/lib/armv6-m/libnosys.a(close.o)
 .debug_frame   0x000009e8       0x20 /home/geo/ESlab/software_package/gcc-arm-none-eabi/bin/../lib/gcc/arm-none-eabi/5.4.1/../../../../arm-none-eabi/lib/armv6-m/libnosys.a(fstat.o)
 .debug_frame   0x00000a08       0x20 /home/geo/ESlab/software_package/gcc-arm-none-eabi/bin/../lib/gcc/arm-none-eabi/5.4.1/../../../../arm-none-eabi/lib/armv6-m/libnosys.a(isatty.o)
 .debug_frame   0x00000a28       0x20 /home/geo/ESlab/software_package/gcc-arm-none-eabi/bin/../lib/gcc/arm-none-eabi/5.4.1/../../../../arm-none-eabi/lib/armv6-m/libnosys.a(lseek.o)
 .debug_frame   0x00000a48       0x20 /home/geo/ESlab/software_package/gcc-arm-none-eabi/bin/../lib/gcc/arm-none-eabi/5.4.1/../../../../arm-none-eabi/lib/armv6-m/libnosys.a(read.o)
 .debug_frame   0x00000a68       0x20 /home/geo/ESlab/software_package/gcc-arm-none-eabi/bin/../lib/gcc/arm-none-eabi/5.4.1/../../../../arm-none-eabi/lib/armv6-m/libnosys.a(sbrk.o)

.stab           0x00000000       0x84
 .stab          0x00000000       0x24 /home/geo/ESlab/software_package/gcc-arm-none-eabi/bin/../lib/gcc/arm-none-eabi/5.4.1/../../../../arm-none-eabi/lib/armv6-m/libnosys.a(close.o)
 .stab          0x00000024       0x18 /home/geo/ESlab/software_package/gcc-arm-none-eabi/bin/../lib/gcc/arm-none-eabi/5.4.1/../../../../arm-none-eabi/lib/armv6-m/libnosys.a(fstat.o)
                                 0x24 (size before relaxing)
 .stab          0x0000003c       0x18 /home/geo/ESlab/software_package/gcc-arm-none-eabi/bin/../lib/gcc/arm-none-eabi/5.4.1/../../../../arm-none-eabi/lib/armv6-m/libnosys.a(isatty.o)
                                 0x24 (size before relaxing)
 .stab          0x00000054       0x18 /home/geo/ESlab/software_package/gcc-arm-none-eabi/bin/../lib/gcc/arm-none-eabi/5.4.1/../../../../arm-none-eabi/lib/armv6-m/libnosys.a(lseek.o)
                                 0x24 (size before relaxing)
 .stab          0x0000006c       0x18 /home/geo/ESlab/software_package/gcc-arm-none-eabi/bin/../lib/gcc/arm-none-eabi/5.4.1/../../../../arm-none-eabi/lib/armv6-m/libnosys.a(read.o)
                                 0x24 (size before relaxing)

.stabstr        0x00000000      0x117
 .stabstr       0x00000000      0x117 /home/geo/ESlab/software_package/gcc-arm-none-eabi/bin/../lib/gcc/arm-none-eabi/5.4.1/../../../../arm-none-eabi/lib/armv6-m/libnosys.a(close.o)
